[coderthemes.com/highdmin/layouts/index.html]
[backblue.gif]
[fade.gif]
[index.html]
[coderthemes.com/highdmin/layouts/assets/images/favicon.ico]
[coderthemes.com/highdmin/layouts/assets/css/vendor.min.css]
[coderthemes.com/highdmin/layouts/assets/css/app.min.css]
[coderthemes.com/highdmin/layouts/assets/css/icons.min.css]
[coderthemes.com/highdmin/layouts/assets/js/config.js]
[coderthemes.com/highdmin/layouts/assets/images/logo.png]
[coderthemes.com/highdmin/layouts/assets/images/logo-sm.png]
[coderthemes.com/highdmin/layouts/assets/images/logo-dark.png]
[coderthemes.com/highdmin/layouts/assets/images/users/avatar-1.jpg]
[coderthemes.com/highdmin/layouts/apps-calendar.html]
[coderthemes.com/highdmin/layouts/apps-email.html]
[coderthemes.com/highdmin/layouts/apps-file-manager.html]
[coderthemes.com/highdmin/layouts/apps-tickets.html]
[coderthemes.com/highdmin/layouts/apps-kanban.html]
[coderthemes.com/highdmin/layouts/apps-companies.html]
[coderthemes.com/highdmin/layouts/apps-invoices.html]
[coderthemes.com/highdmin/layouts/apps-invoice-details.html]
[coderthemes.com/highdmin/layouts/apps-invoice-create.html]
[coderthemes.com/highdmin/layouts/pages-starter.html]
[coderthemes.com/highdmin/layouts/pages-pricing.html]
[coderthemes.com/highdmin/layouts/pages-faq.html]
[coderthemes.com/highdmin/layouts/pages-maintenance.html]
[coderthemes.com/highdmin/layouts/pages-timeline.html]
[coderthemes.com/highdmin/layouts/pages-coming-soon.html]
[coderthemes.com/highdmin/layouts/pages-terms-conditions.html]
[coderthemes.com/highdmin/layouts/pages-search-results.html]
[coderthemes.com/highdmin/layouts/auth-login.html]
[coderthemes.com/highdmin/layouts/auth-register.html]
[coderthemes.com/highdmin/layouts/auth-logout.html]
[coderthemes.com/highdmin/layouts/auth-recoverpw.html]
[coderthemes.com/highdmin/layouts/auth-createpw.html]
[coderthemes.com/highdmin/layouts/auth-lock-screen.html]
[coderthemes.com/highdmin/layouts/auth-confirm-mail.html]
[coderthemes.com/highdmin/layouts/auth-login-pin.html]
[coderthemes.com/highdmin/layouts/error-401.html]
[coderthemes.com/highdmin/layouts/error-400.html]
[coderthemes.com/highdmin/layouts/error-403.html]
[coderthemes.com/highdmin/layouts/error-404.html]
[coderthemes.com/highdmin/layouts/error-500.html]
[coderthemes.com/highdmin/layouts/error-service-unavailable.html]
[coderthemes.com/highdmin/layouts/error-404-alt.html]
[coderthemes.com/highdmin/layouts/layouts-horizontal.html]
[coderthemes.com/highdmin/layouts/layouts-detached.html]
[coderthemes.com/highdmin/layouts/layouts-full.html]
[coderthemes.com/highdmin/layouts/layouts-fullscreen.html]
[coderthemes.com/highdmin/layouts/layouts-hover.html]
[coderthemes.com/highdmin/layouts/layouts-compact.html]
[coderthemes.com/highdmin/layouts/layouts-icon-view.html]
[coderthemes.com/highdmin/layouts/ui-accordions.html]
[coderthemes.com/highdmin/layouts/ui-alerts.html]
[coderthemes.com/highdmin/layouts/ui-avatars.html]
[coderthemes.com/highdmin/layouts/ui-badges.html]
[coderthemes.com/highdmin/layouts/ui-breadcrumb.html]
[coderthemes.com/highdmin/layouts/ui-buttons.html]
[coderthemes.com/highdmin/layouts/ui-cards.html]
[coderthemes.com/highdmin/layouts/ui-carousel.html]
[coderthemes.com/highdmin/layouts/ui-collapse.html]
[coderthemes.com/highdmin/layouts/ui-dropdowns.html]
[coderthemes.com/highdmin/layouts/ui-ratios.html]
[coderthemes.com/highdmin/layouts/ui-grid.html]
[coderthemes.com/highdmin/layouts/ui-links.html]
[coderthemes.com/highdmin/layouts/ui-list-group.html]
[coderthemes.com/highdmin/layouts/ui-modals.html]
[coderthemes.com/highdmin/layouts/ui-notifications.html]
[coderthemes.com/highdmin/layouts/ui-offcanvas.html]
[coderthemes.com/highdmin/layouts/ui-placeholders.html]
[coderthemes.com/highdmin/layouts/ui-pagination.html]
[coderthemes.com/highdmin/layouts/ui-popovers.html]
[coderthemes.com/highdmin/layouts/ui-progress.html]
[coderthemes.com/highdmin/layouts/ui-scrollspy.html]
[coderthemes.com/highdmin/layouts/ui-spinners.html]
[coderthemes.com/highdmin/layouts/ui-tabs.html]
[coderthemes.com/highdmin/layouts/ui-tooltips.html]
[coderthemes.com/highdmin/layouts/ui-typography.html]
[coderthemes.com/highdmin/layouts/ui-utilities.html]
[coderthemes.com/highdmin/layouts/extended-dragula.html]
[coderthemes.com/highdmin/layouts/extended-sweetalerts.html]
[coderthemes.com/highdmin/layouts/extended-ratings.html]
[coderthemes.com/highdmin/layouts/extended-scrollbar.html]
[coderthemes.com/highdmin/layouts/icons-remix.html]
[coderthemes.com/highdmin/layouts/icons-solar.html]
[coderthemes.com/highdmin/layouts/charts-apex-area.html]
[coderthemes.com/highdmin/layouts/charts-apex-bar.html]
[coderthemes.com/highdmin/layouts/charts-apex-bubble.html]
[coderthemes.com/highdmin/layouts/charts-apex-candlestick.html]
[coderthemes.com/highdmin/layouts/charts-apex-column.html]
[coderthemes.com/highdmin/layouts/charts-apex-heatmap.html]
[coderthemes.com/highdmin/layouts/charts-apex-line.html]
[coderthemes.com/highdmin/layouts/charts-apex-mixed.html]
[coderthemes.com/highdmin/layouts/charts-apex-timeline.html]
[coderthemes.com/highdmin/layouts/charts-apex-boxplot.html]
[coderthemes.com/highdmin/layouts/charts-apex-treemap.html]
[coderthemes.com/highdmin/layouts/charts-apex-pie.html]
[coderthemes.com/highdmin/layouts/charts-apex-radar.html]
[coderthemes.com/highdmin/layouts/charts-apex-radialbar.html]
[coderthemes.com/highdmin/layouts/charts-apex-scatter.html]
[coderthemes.com/highdmin/layouts/charts-apex-polar-area.html]
[coderthemes.com/highdmin/layouts/charts-apex-sparklines.html]
[coderthemes.com/highdmin/layouts/form-elements.html]
[coderthemes.com/highdmin/layouts/form-inputmask.html]
[coderthemes.com/highdmin/layouts/form-picker.html]
[coderthemes.com/highdmin/layouts/form-select.html]
[coderthemes.com/highdmin/layouts/form-range-slider.html]
[coderthemes.com/highdmin/layouts/form-validation.html]
[coderthemes.com/highdmin/layouts/form-wizard.html]
[coderthemes.com/highdmin/layouts/form-fileuploads.html]
[coderthemes.com/highdmin/layouts/form-editors.html]
[coderthemes.com/highdmin/layouts/form-layouts.html]
[coderthemes.com/highdmin/layouts/tables-basic.html]
[coderthemes.com/highdmin/layouts/tables-gridjs.html]
[coderthemes.com/highdmin/layouts/tables-datatable.html]
[coderthemes.com/highdmin/layouts/maps-google.html]
[coderthemes.com/highdmin/layouts/maps-vector.html]
[coderthemes.com/highdmin/layouts/maps-leaflet.html]
[coderthemes.com/highdmin/layouts/assets/images/users/avatar-2.jpg]
[coderthemes.com/highdmin/layouts/assets/images/users/avatar-4.jpg]
[coderthemes.com/highdmin/layouts/assets/images/users/avatar-7.jpg]
[coderthemes.com/highdmin/layouts/assets/images/users/avatar-10.jpg]
[coderthemes.com/highdmin/layouts/assets/images/users/avatar-3.jpg]
[coderthemes.com/highdmin/layouts/assets/images/users/avatar-5.jpg]
[coderthemes.com/highdmin/layouts/assets/js/vendor.min.js]
[coderthemes.com/highdmin/layouts/assets/js/app.js]
[coderthemes.com/highdmin/layouts/assets/vendor/apexcharts/apexcharts.min.js]
[coderthemes.com/highdmin/layouts/assets/js/pages/dashboard.js]
[coderthemes.com/highdmin/layouts/index.html]
[coderthemes.com/highdmin/layouts/assets/css/vendor.min.css]
[coderthemes.com/highdmin/layouts/assets/images/bg-pattern.png]
[coderthemes.com/highdmin/layouts/assets/images/small/small-3.jpg]
[coderthemes.com/highdmin/layouts/assets/css/app.min.css]
[coderthemes.com/highdmin/layouts/assets/fonts/remixicon44dd.eot]
[coderthemes.com/highdmin/layouts/assets/fonts/remixicon44dd.woff2]
[coderthemes.com/highdmin/layouts/assets/fonts/remixicon44dd.woff]
[coderthemes.com/highdmin/layouts/assets/fonts/remixicon44dd.ttf]
[coderthemes.com/highdmin/layouts/assets/css/icons.min.css]
[coderthemes.com/highdmin/layouts/assets/vendor/fullcalendar/index.global.min.js]
[coderthemes.com/highdmin/layouts/apps-calendar.html]
[coderthemes.com/highdmin/layouts/assets/js/pages/apps-calendar.js]
[coderthemes.com/highdmin/layouts/assets/vendor/quill/quill.core.css]
[coderthemes.com/highdmin/layouts/assets/vendor/quill/quill.snow.css]
[coderthemes.com/highdmin/layouts/assets/images/users/avatar-9.jpg]
[coderthemes.com/highdmin/layouts/assets/images/users/avatar-6.jpg]
[coderthemes.com/highdmin/layouts/assets/images/users/avatar-8.jpg]
[coderthemes.com/highdmin/layouts/assets/vendor/quill/quill.js]
[coderthemes.com/highdmin/layouts/apps-email.html]
[coderthemes.com/highdmin/layouts/assets/js/pages/apps-email.js]
[coderthemes.com/highdmin/layouts/apps-file-manager.html]
[coderthemes.com/highdmin/layouts/assets/vendor/datatables.net-bs5/css/dataTables.bootstrap5.min.css]
[coderthemes.com/highdmin/layouts/assets/vendor/datatables.net-responsive-bs5/css/responsive.bootstrap5.min.css]
[coderthemes.com/highdmin/layouts/assets/vendor/datatables.net/js/jquery.dataTables.min.js]
[coderthemes.com/highdmin/layouts/assets/vendor/datatables.net-bs5/js/dataTables.bootstrap5.min.js]
[coderthemes.com/highdmin/layouts/assets/vendor/datatables.net-responsive/js/dataTables.responsive.min.js]
[coderthemes.com/highdmin/layouts/assets/vendor/datatables.net-responsive-bs5/js/responsive.bootstrap5.min.js]
[coderthemes.com/highdmin/layouts/apps-tickets.html]
[coderthemes.com/highdmin/layouts/assets/vendor/dragula/dragula.min.js]
[coderthemes.com/highdmin/layouts/assets/js/pages/apps-kanban.js]
[coderthemes.com/highdmin/layouts/apps-kanban.html]
[coderthemes.com/highdmin/layouts/assets/images/companies/amazon.png]
[coderthemes.com/highdmin/layouts/assets/images/companies/apple.png]
[coderthemes.com/highdmin/layouts/assets/images/companies/google.png]
[coderthemes.com/highdmin/layouts/assets/images/companies/airbnb.png]
[coderthemes.com/highdmin/layouts/assets/images/companies/facebook.png]
[coderthemes.com/highdmin/layouts/assets/images/companies/cisco.png]
[coderthemes.com/highdmin/layouts/assets/images/companies/microsoft.png]
[coderthemes.com/highdmin/layouts/assets/images/companies/tesla.png]
[coderthemes.com/highdmin/layouts/apps-companies.html]
[coderthemes.com/highdmin/layouts/apps-invoices.html]
[coderthemes.com/highdmin/layouts/assets/vendor/flatpickr/flatpickr.min.css]
[coderthemes.com/highdmin/layouts/assets/images/png/qr-code.png]
[coderthemes.com/highdmin/layouts/assets/images/png/signature.png]
[coderthemes.com/highdmin/layouts/apps-invoice-details.html]
[coderthemes.com/highdmin/layouts/apps-invoice-create.html]
[coderthemes.com/highdmin/layouts/pages-starter.html]
[coderthemes.com/highdmin/layouts/pages-pricing.html]
[coderthemes.com/highdmin/layouts/pages-faq.html]
[coderthemes.com/highdmin/layouts/assets/images/png/maintenance.png]
[coderthemes.com/highdmin/layouts/pages-maintenance.html]
[coderthemes.com/highdmin/layouts/assets/images/small/small-7.jpg]
[coderthemes.com/highdmin/layouts/assets/images/small/small-4.jpg]
[coderthemes.com/highdmin/layouts/assets/images/small/small-1.jpg]
[coderthemes.com/highdmin/layouts/assets/images/small/small-2.jpg]
[coderthemes.com/highdmin/layouts/pages-timeline.html]
[coderthemes.com/highdmin/layouts/assets/js/pages/coming-soon.js]
[coderthemes.com/highdmin/layouts/pages-coming-soon.html]
[coderthemes.com/highdmin/layouts/pages-terms-conditions.html]
[coderthemes.com/highdmin/layouts/pages-search-results.html]
[coderthemes.com/highdmin/layouts/auth-login.html]
[coderthemes.com/highdmin/layouts/auth-register.html]
[coderthemes.com/highdmin/layouts/auth-logout.html]
[coderthemes.com/highdmin/layouts/auth-recoverpw.html]
[coderthemes.com/highdmin/layouts/auth-createpw.html]
[coderthemes.com/highdmin/layouts/auth-lock-screen.html]
[coderthemes.com/highdmin/layouts/auth-confirm-mail.html]
[coderthemes.com/highdmin/layouts/auth-login-pin.html]
[coderthemes.com/highdmin/layouts/assets/images/error/error-401.png]
[coderthemes.com/highdmin/layouts/error-401.html]
[coderthemes.com/highdmin/layouts/assets/images/error/error-400.png]
[coderthemes.com/highdmin/layouts/error-400.html]
[coderthemes.com/highdmin/layouts/assets/images/error/error-403.png]
[coderthemes.com/highdmin/layouts/error-403.html]
[coderthemes.com/highdmin/layouts/assets/images/error/error-404.png]
[coderthemes.com/highdmin/layouts/error-404.html]
[coderthemes.com/highdmin/layouts/assets/images/error/error-500.png]
[coderthemes.com/highdmin/layouts/error-500.html]
[coderthemes.com/highdmin/layouts/assets/images/error/error-503.png]
[coderthemes.com/highdmin/layouts/error-service-unavailable.html]
[coderthemes.com/highdmin/layouts/error-404-alt.html]
[coderthemes.com/highdmin/layouts/assets/vendor/jsvectormap/jsvectormap.min.css]
[coderthemes.com/highdmin/layouts/ui-embed-video.html]
[coderthemes.com/highdmin/layouts/icons-tabler.html]
[coderthemes.com/highdmin/layouts/layouts-horizontal.html]
[coderthemes.com/highdmin/layouts/layouts-detached.html]
[coderthemes.com/highdmin/layouts/layouts-full.html]
[coderthemes.com/highdmin/layouts/layouts-fullscreen.html]
[coderthemes.com/highdmin/layouts/layouts-hover.html]
[coderthemes.com/highdmin/layouts/layouts-compact.html]
[coderthemes.com/highdmin/layouts/layouts-icon-view.html]
[coderthemes.com/highdmin/layouts/ui-accordions.html]
[coderthemes.com/highdmin/layouts/ui-alerts.html]
[coderthemes.com/highdmin/layouts/ui-avatars.html]
[coderthemes.com/highdmin/layouts/ui-badges.html]
[coderthemes.com/highdmin/layouts/ui-breadcrumb.html]
[coderthemes.com/highdmin/layouts/ui-buttons.html]
[coderthemes.com/highdmin/layouts/ui-cards.html]
[coderthemes.com/highdmin/layouts/assets/images/small/small-5.jpg]
[coderthemes.com/highdmin/layouts/ui-carousel.html]
[coderthemes.com/highdmin/layouts/ui-collapse.html]
[coderthemes.com/highdmin/layouts/ui-dropdowns.html]
[coderthemes.com/highdmin/layouts/ui-ratios.html]
[coderthemes.com/highdmin/layouts/ui-grid.html]
[coderthemes.com/highdmin/layouts/ui-links.html]
[coderthemes.com/highdmin/layouts/ui-list-group.html]
[coderthemes.com/highdmin/layouts/ui-modals.html]
[coderthemes.com/highdmin/layouts/assets/images/small/small-6.jpg]
[coderthemes.com/highdmin/layouts/assets/vendor/jquery-toast-plugin/jquery.toast.min.css]
[coderthemes.com/highdmin/layouts/ui-notifications.html]
[coderthemes.com/highdmin/layouts/ui-offcanvas.html]
[coderthemes.com/highdmin/layouts/ui-placeholders.html]
[coderthemes.com/highdmin/layouts/ui-pagination.html]
[coderthemes.com/highdmin/layouts/ui-popovers.html]
[coderthemes.com/highdmin/layouts/ui-progress.html]
[coderthemes.com/highdmin/layouts/ui-scrollspy.html]
[coderthemes.com/highdmin/layouts/ui-spinners.html]
[coderthemes.com/highdmin/layouts/ui-tabs.html]
[coderthemes.com/highdmin/layouts/ui-tooltips.html]
[coderthemes.com/highdmin/layouts/ui-typography.html]
[coderthemes.com/highdmin/layouts/ui-utilities.html]
[coderthemes.com/highdmin/layouts/assets/js/components/extended-dragula.js]
[coderthemes.com/highdmin/layouts/extended-dragula.html]
[coderthemes.com/highdmin/layouts/assets/vendor/sweetalert2/sweetalert2.min.css]
[coderthemes.com/highdmin/layouts/assets/vendor/sweetalert2/sweetalert2.min.js]
[coderthemes.com/highdmin/layouts/assets/js/components/extended-sweetalerts.js]
[coderthemes.com/highdmin/layouts/extended-sweetalerts.html]
[coderthemes.com/highdmin/layouts/assets/vendor/rater-js/index.js]
[coderthemes.com/highdmin/layouts/assets/js/components/extended-rating.js]
[coderthemes.com/highdmin/layouts/extended-ratings.html]
[coderthemes.com/highdmin/layouts/extended-scrollbar.html]
[coderthemes.com/highdmin/layouts/icons-remix.html]
[coderthemes.com/highdmin/layouts/icons-solar.html]
[coderthemes.com/highdmin/layouts/assets/vendor/moment/moment.js]
[coderthemes.com/highdmin/layouts/charts-apex-area.html]
[coderthemes.com/highdmin/layouts/assets/js/components/chart-apex-area.js]
[coderthemes.com/highdmin/layouts/assets/js/components/chart-apex-bar.js]
[coderthemes.com/highdmin/layouts/charts-apex-bar.html]
[coderthemes.com/highdmin/layouts/assets/js/components/chart-apex-bubble.js]
[coderthemes.com/highdmin/layouts/charts-apex-bubble.html]
[coderthemes.com/highdmin/layouts/assets/js/components/chart-apex-candlestick.js]
[coderthemes.com/highdmin/layouts/charts-apex-candlestick.html]
[coderthemes.com/highdmin/layouts/assets/js/components/chart-apex-column.js]
[coderthemes.com/highdmin/layouts/charts-apex-column.html]
[coderthemes.com/highdmin/layouts/assets/js/components/chart-apex-heatmap.js]
[coderthemes.com/highdmin/layouts/charts-apex-heatmap.html]
[coderthemes.com/highdmin/layouts/assets/js/components/chart-apex-line.js]
[coderthemes.com/highdmin/layouts/charts-apex-line.html]
[coderthemes.com/highdmin/layouts/assets/js/components/chart-apex-mixed.js]
[coderthemes.com/highdmin/layouts/charts-apex-mixed.html]
[coderthemes.com/highdmin/layouts/assets/vendor/moment/min/moment.min.js]
[coderthemes.com/highdmin/layouts/assets/js/components/chart-apex-timeline.js]
[coderthemes.com/highdmin/layouts/charts-apex-timeline.html]
[coderthemes.com/highdmin/layouts/assets/js/components/chart-apex-boxplot.js]
[coderthemes.com/highdmin/layouts/charts-apex-boxplot.html]
[coderthemes.com/highdmin/layouts/assets/js/components/chart-apex-treemap.js]
[coderthemes.com/highdmin/layouts/charts-apex-treemap.html]
[coderthemes.com/highdmin/layouts/assets/js/components/chart-apex-pie.js]
[coderthemes.com/highdmin/layouts/charts-apex-pie.html]
[coderthemes.com/highdmin/layouts/assets/js/components/chart-apex-radar.js]
[coderthemes.com/highdmin/layouts/charts-apex-radar.html]
[coderthemes.com/highdmin/layouts/assets/js/components/chart-apex-radialbar.js]
[coderthemes.com/highdmin/layouts/charts-apex-radialbar.html]
[coderthemes.com/highdmin/layouts/assets/js/components/chart-apex-scatter.js]
[coderthemes.com/highdmin/layouts/charts-apex-scatter.html]
[coderthemes.com/highdmin/layouts/assets/js/components/chart-apex-polar-area.js]
[coderthemes.com/highdmin/layouts/charts-apex-polar-area.html]
[coderthemes.com/highdmin/layouts/assets/js/components/chart-apex-sparklines.js]
[coderthemes.com/highdmin/layouts/charts-apex-sparklines.html]
[coderthemes.com/highdmin/layouts/form-elements.html]
[coderthemes.com/highdmin/layouts/form-inputmask.html]
[coderthemes.com/highdmin/layouts/form-picker.html]
[coderthemes.com/highdmin/layouts/form-select.html]
[coderthemes.com/highdmin/layouts/assets/vendor/nouislider/nouislider.min.css]
[coderthemes.com/highdmin/layouts/assets/vendor/nouislider/nouislider.min.js]
[coderthemes.com/highdmin/layouts/assets/vendor/wnumb/wNumb.min.js]
[coderthemes.com/highdmin/layouts/assets/js/components/extended-range-slider.js]
[coderthemes.com/highdmin/layouts/form-range-slider.html]
[coderthemes.com/highdmin/layouts/form-validation.html]
[coderthemes.com/highdmin/layouts/assets/vendor/vanilla-wizard/js/wizard.min.js]
[coderthemes.com/highdmin/layouts/assets/js/components/form-wizard.js]
[coderthemes.com/highdmin/layouts/form-wizard.html]
[coderthemes.com/highdmin/layouts/assets/vendor/dropzone/dropzone.css]
[coderthemes.com/highdmin/layouts/assets/vendor/dropzone/dropzone-min.js]
[coderthemes.com/highdmin/layouts/assets/js/components/form-fileupload.js]
[coderthemes.com/highdmin/layouts/form-fileuploads.html]
[coderthemes.com/highdmin/layouts/assets/vendor/quill/quill.bubble.css]
[coderthemes.com/highdmin/layouts/assets/js/components/form-quilljs.js]
[coderthemes.com/highdmin/layouts/form-editors.html]
[coderthemes.com/highdmin/layouts/form-layouts.html]
[coderthemes.com/highdmin/layouts/tables-basic.html]
[coderthemes.com/highdmin/layouts/assets/vendor/gridjs/theme/mermaid.min.css]
[coderthemes.com/highdmin/layouts/assets/vendor/gridjs/gridjs.umd.js]
[coderthemes.com/highdmin/layouts/assets/js/components/table-gridjs.js]
[coderthemes.com/highdmin/layouts/tables-gridjs.html]
[coderthemes.com/highdmin/layouts/assets/vendor/datatables.net-fixedcolumns-bs5/css/fixedColumns.bootstrap5.min.css]
[coderthemes.com/highdmin/layouts/assets/vendor/datatables.net-fixedheader-bs5/css/fixedHeader.bootstrap5.min.css]
[coderthemes.com/highdmin/layouts/assets/vendor/datatables.net-buttons-bs5/css/buttons.bootstrap5.min.css]
[coderthemes.com/highdmin/layouts/assets/vendor/datatables.net-select-bs5/css/select.bootstrap5.min.css]
[coderthemes.com/highdmin/layouts/assets/vendor/datatables.net-fixedcolumns-bs5/js/fixedColumns.bootstrap5.min.js]
[coderthemes.com/highdmin/layouts/assets/vendor/datatables.net-fixedheader/js/dataTables.fixedHeader.min.js]
[coderthemes.com/highdmin/layouts/assets/vendor/datatables.net-buttons/js/dataTables.buttons.min.js]
[coderthemes.com/highdmin/layouts/assets/vendor/datatables.net-buttons-bs5/js/buttons.bootstrap5.min.js]
[coderthemes.com/highdmin/layouts/assets/vendor/datatables.net-buttons/js/buttons.html5.min.js]
[coderthemes.com/highdmin/layouts/assets/vendor/datatables.net-buttons/js/buttons.flash.min.js]
[coderthemes.com/highdmin/layouts/assets/vendor/datatables.net-buttons/js/buttons.print.min.js]
[coderthemes.com/highdmin/layouts/assets/vendor/datatables.net-keytable/js/dataTables.keyTable.min.js]
[coderthemes.com/highdmin/layouts/assets/vendor/datatables.net-select/js/dataTables.select.min.js]
[coderthemes.com/highdmin/layouts/assets/js/components/table-datatable.js]
[coderthemes.com/highdmin/layouts/tables-datatable.html]
[coderthemes.com/highdmin/layouts/assets/vendor/gmaps/gmaps.min.js]
[coderthemes.com/highdmin/layouts/assets/js/components/maps-google.js]
[coderthemes.com/highdmin/layouts/maps-google.html]
[coderthemes.com/highdmin/layouts/assets/vendor/jsvectormap/jsvectormap.min.js]
[coderthemes.com/highdmin/layouts/assets/vendor/jsvectormap/maps/world-merc.js]
[coderthemes.com/highdmin/layouts/assets/vendor/jsvectormap/maps/world.js]
[coderthemes.com/highdmin/layouts/assets/js/maps/in-mill-en.js]
[coderthemes.com/highdmin/layouts/assets/js/maps/canada.js]
[coderthemes.com/highdmin/layouts/assets/js/maps/iraq.js]
[coderthemes.com/highdmin/layouts/assets/js/maps/russia.js]
[coderthemes.com/highdmin/layouts/assets/js/maps/spain.js]
[coderthemes.com/highdmin/layouts/assets/js/maps/us-aea-en.js]
[coderthemes.com/highdmin/layouts/assets/js/maps/us-lcc-en.js]
[coderthemes.com/highdmin/layouts/assets/js/maps/us-mill-en.js]
[coderthemes.com/highdmin/layouts/assets/js/components/maps-vector.js]
[coderthemes.com/highdmin/layouts/maps-vector.html]
[coderthemes.com/highdmin/layouts/assets/vendor/leaflet/leaflet.css]
[coderthemes.com/highdmin/layouts/assets/vendor/leaflet/leaflet.js]
[coderthemes.com/highdmin/layouts/assets/js/maps/leaflet-data.js]
[coderthemes.com/highdmin/layouts/maps-leaflet.html]
[coderthemes.com/highdmin/layouts/assets/js/components/maps-leaflet.js]
[coderthemes.com/highdmin/layouts/assets/images/flags/us.svg]
[coderthemes.com/highdmin/layouts/assets/images/flags/in.svg]
[coderthemes.com/highdmin/layouts/assets/images/flags/de.svg]
[coderthemes.com/highdmin/layouts/assets/images/flags/it.svg]
[coderthemes.com/highdmin/layouts/assets/images/flags/es.svg]
[coderthemes.com/highdmin/layouts/assets/images/flags/ru.svg]
[coderthemes.com/highdmin/layouts/assets/images/brands/slack.svg]
[coderthemes.com/highdmin/layouts/assets/images/brands/gitlab.svg]
[coderthemes.com/highdmin/layouts/assets/images/brands/dribbble.svg]
[coderthemes.com/highdmin/layouts/assets/images/brands/bitbucket.svg]
[coderthemes.com/highdmin/layouts/assets/images/brands/dropbox.svg]
[coderthemes.com/highdmin/layouts/assets/images/brands/google-cloud.svg]
[coderthemes.com/highdmin/layouts/assets/images/brands/aws.svg]
[coderthemes.com/highdmin/layouts/assets/images/brands/digital-ocean.svg]
[coderthemes.com/highdmin/layouts/assets/images/brands/bootstrap.svg]
[coderthemes.com/highdmin/layouts/assets/images/cards/american-express.svg]
[coderthemes.com/highdmin/layouts/assets/images/cards/discover-card.svg]
[coderthemes.com/highdmin/layouts/assets/images/cards/mastercard.svg]
[coderthemes.com/highdmin/layouts/assets/images/banner-1.html]
[coderthemes.com/highdmin/layouts/assets/fonts/remixicon44dd.svg]
[coderthemes.com/highdmin/layouts/assets/vendor/quill/quill.core.css]
[coderthemes.com/highdmin/layouts/assets/vendor/quill/quill.snow.css]
[coderthemes.com/highdmin/layouts/assets/images/brands/instagram.svg]
[coderthemes.com/highdmin/layouts/assets/images/brands/amazon.svg]
[coderthemes.com/highdmin/layouts/assets/images/brands/linkedin.svg]
[coderthemes.com/highdmin/layouts/assets/images/coffee-cup.svg]
[coderthemes.com/highdmin/layouts/assets/vendor/datatables.net-bs5/css/dataTables.bootstrap5.min.css]
[coderthemes.com/highdmin/layouts/assets/vendor/datatables.net-responsive-bs5/css/responsive.bootstrap5.min.css]
[coderthemes.com/highdmin/layouts/assets/vendor/flatpickr/flatpickr.min.css]
[coderthemes.com/highdmin/layouts/assets/vendor/jsvectormap/jsvectormap.min.css]
[coderthemes.com/highdmin/layouts/auth-2fa.html]
[coderthemes.com/highdmin/layouts/auth-account-deactivation.html]
[coderthemes.com/highdmin/layouts/ui-embed-video.html]
[coderthemes.com/highdmin/layouts/ui-ribbons.html]
[coderthemes.com/highdmin/layouts/.tables-datatable.html]
[coderthemes.com/highdmin/layouts/icons-tabler.html]
[coderthemes.com/highdmin/layouts/assets/vendor/jquery-toast-plugin/jquery.toast.min.css]
[coderthemes.com/highdmin/layouts/assets/vendor/sweetalert2/sweetalert2.min.css]
[coderthemes.com/highdmin/layouts/assets/js/components/form-inputmask.js]
[coderthemes.com/highdmin/layouts/assets/vendor/nouislider/nouislider.min.css]
[coderthemes.com/highdmin/layouts/assets/vendor/dropzone/dropzone.css]
[coderthemes.com/highdmin/layouts/assets/vendor/quill/quill.bubble.css]
[coderthemes.com/highdmin/layouts/assets/vendor/gridjs/theme/mermaid.min.css]
[coderthemes.com/highdmin/layouts/assets/vendor/datatables.net-fixedcolumns-bs5/css/fixedColumns.bootstrap5.min.css]
[coderthemes.com/highdmin/layouts/assets/vendor/datatables.net-fixedheader-bs5/css/fixedHeader.bootstrap5.min.css]
[coderthemes.com/highdmin/layouts/assets/vendor/datatables.net-buttons-bs5/css/buttons.bootstrap5.min.css]
[coderthemes.com/highdmin/layouts/assets/vendor/datatables.net-select-bs5/css/select.bootstrap5.min.css]
[coderthemes.com/highdmin/layouts/assets/vendor/leaflet/images/layers.png]
[coderthemes.com/highdmin/layouts/assets/vendor/leaflet/images/layers-2x.png]
[coderthemes.com/highdmin/layouts/assets/vendor/leaflet/images/marker-icon.png]
[coderthemes.com/highdmin/layouts/assets/vendor/leaflet/leaflet.css]
[coderthemes.com/highdmin/layouts/pages-profile.html]
[coderthemes.com/highdmin/layouts/pages-gallery.html]
[coderthemes.com/highdmin/layouts/pages-email-templates.html]
